NAME:
   mender-artifact write - Writes artifact file.

USAGE:
   mender-artifact write command [command options] [arguments...]

COMMANDS:
     rootfs-image  Writes Mender artifact containing rootfs image
     module-image  Writes Mender artifact for an update module

OPTIONS:
   --help, -h  show help
   
